// Jest Snapshot v1, https://goo.gl/fbAQLP

exports[`App should match the snapshot 1`] = `
<div
  className="App"
>
  <header>
    <h1
      className="app-title"
    >
      Turing Cafe Reservations
    </h1>
  </header>
  <main>
    <div
      className="resy-form"
    >
      <MakeReservationForm
        addReservation={[Function]}
      />
    </div>
    <DisplayContainer
      className="resy-container"
      reservations={Array []}
    />
  </main>
</div>
`;
